exports[`test should display the correct values 1`] = `
<svg
  className=""
  height="180"
  width="300">
  <text
    className=""
    x="150"
    y="10">
    
    40
  </text>
  <path
    className=""
    d="M0,90 A90,90,0 1 1 180,90"
    transform="translate(60,55)" />
  <text
    x="60"
    y="155">
    
    10
  </text>
  <text
    x="240"
    y="155">
    
    100
  </text>
  <g
    className=""
    transform="translate(150, 148)">
    <line
      className={undefined}
      transform="rotate(-30 0 0)"
      x1="0"
      x2="0"
      y1="0"
      y2="-110" />
    <line
      transform="rotate(-30 0 0)"
      x1="0"
      x2="0"
      y1="0"
      y2="-95" />
  </g>
</svg>
`;

exports[`test should display with prefix 1`] = `
<svg
  className=""
  height="180"
  width="300">
  <text
    className=""
    x="150"
    y="10">
    £
    40
  </text>
  <path
    className=""
    d="M0,90 A90,90,0 1 1 180,90"
    transform="translate(60,55)" />
  <text
    x="60"
    y="155">
    £
    10
  </text>
  <text
    x="240"
    y="155">
    £
    100
  </text>
  <g
    className=""
    transform="translate(150, 148)">
    <line
      className={undefined}
      transform="rotate(-30 0 0)"
      x1="0"
      x2="0"
      y1="0"
      y2="-110" />
    <line
      transform="rotate(-30 0 0)"
      x1="0"
      x2="0"
      y1="0"
      y2="-95" />
  </g>
</svg>
`;
